// Jest Snapshot v1, https://goo.gl/fbAQLP

exports[`matches snapshot 1`] = `
<DocumentFragment>
  .c0 {
  display: inline-block;
  padding: 0.3em 1em;
  -webkit-text-decoration: none;
  text-decoration: none;
  font-size: 12px;
  color: #67c5ff;
  border: solid 2px #67c5ff;
  border-radius: 3px;
  -webkit-transition: .4s;
  transition: .4s;
}

.c0:hover {
  background: #67c5ff;
  color: white;
}

<button
    class="c0"
    color="#67c5ff"
  >
    Press!!
  </button>
</DocumentFragment>
`;
